// Jest Snapshot v1, https://goo.gl/fbAQLP

exports[`LoadingComponent matches the snapshot 1`] = `
<View
  className="sc-braxZu ccBOXj"
>
  <ActivityIndicator
    className="sc-gJhJTp fSQPeg"
    color="#aaa"
    size={50}
  />
</View>
`;
